// Jest Snapshot v1, https://goo.gl/fbAQLP

exports[`eslint result component render 1`] = `
"yarn/cli/src/tools/getPluginConfiguration.ts:12:44

  Error: Strings must use singlequote. @typescript-eslint/quotes

  10 | export function getPluginConfiguration(): PluginConfiguration {
  11 |   const plugins = new Set<string>()
> 12 |   for (const dependencyName of packageJson[\`@yarnpkg/builder\`].bundles.standard)
     |                                            ^
  13 |     plugins.add(dependencyName)
  14 |
  15 |   const modules = getDynamicLibs()
"
`;
